{
  "available_examples_in_pool": 670163,
  "evaluated_kinds": 266,
  "pool_splits": [
    "train",
    "val",
    "test"
  ],
  "sample_size_per_kind": 50,
  "selected_examples": 13300
}
{
  "checkpoint": "runs/miller-2.0/checkpoint-best.pt",
  "data_dir": "data/training/europa-2.0-curriculum",
  "device": {
    "cuda_capability": "8.9",
    "device": "cuda",
    "device_memory_gb": 7.62,
    "device_name": "NVIDIA GeForce RTX 4060",
    "device_type": "cuda"
  },
  "elapsed_seconds": 250.49,
  "examples_per_second": 53.096,
  "overall": {
    "accuracy": 0.04654135338345865,
    "available_count": 670163,
    "canonical_prediction_rate": 0.9973684210526316,
    "evaluated_count": 13300,
    "failure_examples": [],
    "missed_count": 12681,
    "name": "overall",
    "perfect_count": 619,
    "status": "evaluated"
  },
  "pool_splits": [
    "train",
    "val",
    "test"
  ],
  "sample_seed": 42,
  "sample_size_per_kind": 50
}
category accuracy:
  binary: 0.1650 (198 perfect / 1002 missed / 1200 total)
  three_input: 0.0507 (76 perfect / 1424 missed / 1500 total)
  parentheses: 0.0288 (253 perfect / 8547 missed / 8800 total)
  negative_input: 0.0511 (92 perfect / 1708 missed / 1800 total)
worst kinds:
  binary::large-large::*: 0.0000 (0 perfect / 50 missed / 50 total)
  binary::medium-large::*: 0.0000 (0 perfect / 50 missed / 50 total)
  negative_input::large-large::*::neg_left: 0.0000 (0 perfect / 50 missed / 50 total)
  negative_input::large-large::*::neg_right: 0.0000 (0 perfect / 50 missed / 50 total)
  negative_input::large-large::+::neg_left: 0.0000 (0 perfect / 50 missed / 50 total)
  negative_input::large-large::-::neg_right: 0.0000 (0 perfect / 50 missed / 50 total)
  negative_input::medium-large::*::neg_left: 0.0000 (0 perfect / 50 missed / 50 total)
  negative_input::medium-large::*::neg_right: 0.0000 (0 perfect / 50 missed / 50 total)
  negative_input::medium-large::-::neg_right: 0.0000 (0 perfect / 50 missed / 50 total)
  negative_input::medium-medium::*::neg_left: 0.0000 (0 perfect / 50 missed / 50 total)
